Microchip Technology Inc, v1.36 (A)

Tool Name:
  c:\program files (x86)\microchip\xc16\v1.36\bin\bin\..\bin/elf-ld.exe

Command:
  -p24FV32KA302 \
  -o \
  dist/default/production/EMMS_Code_CommandBoard.X.production.elf \
  -Lc:/program files (x86)/microchip/xc16/v1.36/bin/bin/.. \
  -Lc:/program files (x86)/microchip/xc16/v1.36/bin/bin/../../lib \
  -Lc:/program files (x86)/microchip/xc16/v1.36/bin/bin/../../support/PIC24E/gld \
  -Lc:/program files (x86)/microchip/xc16/v1.36/bin/bin/../../support/PIC24F/gld \
  -Lc:/program files (x86)/microchip/xc16/v1.36/bin/bin/../../support/PIC24H/gld \
  -Lc:/program files (x86)/microchip/xc16/v1.36/bin/bin/../../support/dsPIC30F/gld \
  -Lc:/program files (x86)/microchip/xc16/v1.36/bin/bin/../../support/dsPIC33C/gld \
  -Lc:/program files (x86)/microchip/xc16/v1.36/bin/bin/../../support/dsPIC33E/gld \
  -Lc:/program files (x86)/microchip/xc16/v1.36/bin/bin/../../support/dsPIC33F/gld \
  build/default/production/PowerMain.o \
  build/default/production/EEPROM.o \
  build/default/production/MasterComm.o \
  build/default/production/LEDControl.o \
  build/default/production/ResetReport.o \
  build/default/production/_ConfigPragma.o \
  build/default/production/RTCC.o \
  --defsym=__MPLAB_BUILD=1 \
  -Tp24FV32KA302.gld.00 \
  --stack=16 \
  --check-sections \
  --data-init \
  --pack-data \
  --handles \
  --isr \
  --no-gc-sections \
  --fill-upper=0 \
  --stackguard=16 \
  --no-force-link \
  --smart-io \
  -Map=dist/default/production/EMMS_Code_CommandBoard.X.production.map \
  --report-mem \
  --memorysummary \
  dist/default/production/memoryfile.xml \
  -start-group \
  --library=pic30-elf \
  --library=m-elf \
  --library=c-elf \
  -end-group \


Optional library libpPIC24Fxxx.a not found
Archive member included because of file (symbol)

c:/program files (x86)/microchip/xc16/v1.36/bin/bin/../../lib\libpic30-elf.a(crt0_standard.o)
                              (__resetPRI)
c:/program files (x86)/microchip/xc16/v1.36/bin/bin/../../lib\libpic30-elf.a(data_init_standard.o)
                              c:/program files (x86)/microchip/xc16/v1.36/bin/bin/../../lib\libpic30-elf.a(crt0_standard.o) (__data_init_standard)
c:/program files (x86)/microchip/xc16/v1.36/bin/bin/../../lib\libpic30-elf.a(crt_start_mode_normal.eo)
                              (__crt_start_mode_normal)
c:/program files (x86)/microchip/xc16/v1.36/bin/bin/../../lib\libpic30-elf.a(delay32.eo)
                              build/default/production/PowerMain.o (___delay32)
c:/program files (x86)/microchip/xc16/v1.36/bin/bin/../../lib\libm-elf.a(udivsi3.eo)
                              build/default/production/MasterComm.o (___udivsi3)
c:/program files (x86)/microchip/xc16/v1.36/bin/bin/../../lib\libm-elf.a(umodsi3.eo)
                              build/default/production/PowerMain.o (___umodsi3)
c:/program files (x86)/microchip/xc16/v1.36/bin/bin/../../lib\libm-elf.a(divmoddi3.eo)
                              build/default/production/LEDControl.o (___udivdi3)
c:/program files (x86)/microchip/xc16/v1.36/bin/bin/../../lib\libm-elf.a(muldi3.eo)
                              build/default/production/LEDControl.o (___muldi3)
c:/program files (x86)/microchip/xc16/v1.36/bin/bin/../../lib\libm-elf.a(umuldi3.eo)
                              c:/program files (x86)/microchip/xc16/v1.36/bin/bin/../../lib\libm-elf.a(muldi3.eo) (___umuldi3)
c:/program files (x86)/microchip/xc16/v1.36/bin/bin/../../lib\libc-elf.a(atoi.eo)
                              build/default/production/MasterComm.o (_atoi)
c:/program files (x86)/microchip/xc16/v1.36/bin/bin/../../lib\libc-elf.a(atol.eo)
                              build/default/production/MasterComm.o (_atol)
c:/program files (x86)/microchip/xc16/v1.36/bin/bin/../../lib\libc-elf.a(itoa.eo)
                              build/default/production/MasterComm.o (_itoa)
c:/program files (x86)/microchip/xc16/v1.36/bin/bin/../../lib\libc-elf.a(ltoa.eo)
                              build/default/production/MasterComm.o (_ltoa)
c:/program files (x86)/microchip/xc16/v1.36/bin/bin/../../lib\libm-elf.a(mulsi3.eo)
                              c:/program files (x86)/microchip/xc16/v1.36/bin/bin/../../lib\libc-elf.a(atol.eo) (___mulsi3)


Selected CodeGuard Options:
  FGS:GWRP:OFF
  FGS:GSS0:OFF
  FBS:BWRP:OFF
  FBS:BSS:OFF

CodeGuard FLASH Memory:
  boot    (none)
  secure  (none)
  general 0x200 to 0x57fe

CodeGuard RAM Memory:
  general 0x800 to 0xfff
  secure  (none)
  boot    (none)

CodeGuard EEPROM Memory:
  general 0x7ffe00 to 0x7fffff
  secure  (none)
  boot    (none)


xc16-ld 1.36 (A)

"program" Memory  [Origin = 0x200, Length = 0x5600]

section                    address   length (PC units)   length (bytes) (dec)
-------                    -------   -----------------   --------------------
.text                        0x200               0x53e           0x7dd  (2013)
.const                       0x73e                0x80            0xc0  (192)
.text                        0x7be              0x305c          0x488a  (18570)
.dinit                      0x381a                0x48            0x6c  (108)
.init.delay32               0x3862                0x1c            0x2a  (42)

                 Total "program" memory used (bytes):         0x51bd  (20925) 63%


Data EEPROM Memory  [Origin = 0x7ffe00, Length = 0x200]

section                    address   length (PC units)   length (bytes) (dec)
-------                    -------   -----------------   --------------------
.eedata                   0x7ffe00                0x44            0x44  (68)

                 Total data EEPROM used (bytes):           0x44  (68) 13%


"data" Memory  [Origin = 0x800, Length = 0x800]

section                    address      alignment gaps    total length  (dec)
-------                    -------      --------------    -------------------
.nbss                        0x800                   0           0x162  (354)
.ndata                       0x962                   0             0xa  (10)
.nbss                        0x96c                   0             0xa  (10)
.ndata                       0x976                   0             0x4  (4)
.nbss                        0x97a                   0             0x4  (4)
.ndata                       0x97e                   0             0x2  (2)
.nbss                        0x980                   0             0x2  (2)
.ndata                       0x982                   0             0x2  (2)

                 Total "data" memory used (bytes):          0x184  (388) 18%


Dynamic Memory Usage

region                     address                      maximum length  (dec)
------                     -------                      ---------------------
heap                             0                                   0  (0)
stack                        0x984                               0x67c  (1660)

                 Maximum dynamic memory (bytes):          0x67c  (1660)


External Symbols in Data Memory (by address):

                    0x0922                  _powerWatts_global
                    0x0926                  _msTimer_module
                    0x092a                  _energyUsed_global
                    0x0936                  _dateTime_global
                    0x093e                  _alarms_global
                    0x0946                  _energyAdd_global
                    0x0948                  _energyCycleAllocation_global
                    0x094c                  _resetTime_global
                    0x0950                  _relayActive_global
                    0x0952                  _emergencyButton_global
                    0x0962                  _powerBoxCodeVersion_global
                    0x097a                  _ledFindMeActive_global

External Symbols in Data Memory (by name):

                    0x093e                  _alarms_global
                    0x0936                  _dateTime_global
                    0x0952                  _emergencyButton_global
                    0x0946                  _energyAdd_global
                    0x0948                  _energyCycleAllocation_global
                    0x092a                  _energyUsed_global
                    0x097a                  _ledFindMeActive_global
                    0x0926                  _msTimer_module
                    0x0962                  _powerBoxCodeVersion_global
                    0x0922                  _powerWatts_global
                    0x0950                  _relayActive_global
                    0x094c                  _resetTime_global

External Symbols in Data EEPROM (by address):

                  0x7ffe00                  _EEpassword0
                  0x7ffe02                  _EEpassword1
                  0x7ffe04                  _EEpassword2
                  0x7ffe06                  _EEpassword3
                  0x7ffe08                  _EEpassword4
                  0x7ffe0a                  _EEpassword5
                  0x7ffe0c                  _EEpowerAlloc
                  0x7ffe0e                  _EEemerButton
                  0x7ffe10                  _EEresetTime
                  0x7ffe12                  _EEaudibleAlarm
                  0x7ffe14                  _EEalarmOnePower
                  0x7ffe16                  _EEalarmTwoPower
                  0x7ffe18                  _EEenergyLastResetH
                  0x7ffe1a                  _EEenergyLastResetL
                  0x7ffe1c                  _EEpreviousCycleUsedH
                  0x7ffe1e                  _EEpreviousCycleUsedL
                  0x7ffe20                  _EEenergyUsedLifetime1H
                  0x7ffe22                  _EEenergyUsedLifetime1L
                  0x7ffe24                  _EEenergyUsedLifetime2H
                  0x7ffe26                  _EEenergyUsedLifetime2L
                  0x7ffe28                  _EEenergyUsedLifetime3H
                  0x7ffe2a                  _EEenergyUsedLifetime3L
                  0x7ffe2c                  _EEenergyUsedLifetime4H
                  0x7ffe2e                  _EEenergyUsedLifetime4L
                  0x7ffe30                  _EEenergyUsedLifetime5H
                  0x7ffe32                  _EEenergyUsedLifetime5L
                  0x7ffe34                  _EEenergyUsedLifetime6H
                  0x7ffe36                  _EEenergyUsedLifetime6L
                  0x7ffe38                  _EEenergyUsedLifetime7H
                  0x7ffe3a                  _EEenergyUsedLifetime7L
                  0x7ffe3c                  _EEenergyUsedLifetime8H
                  0x7ffe3e                  _EEenergyUsedLifetime8L
                  0x7ffe40                  _EErelayActive
                  0x7ffe42                  _EErtccIsSet

External Symbols in Data EEPROM (by name):

                  0x7ffe14                  _EEalarmOnePower
                  0x7ffe16                  _EEalarmTwoPower
                  0x7ffe12                  _EEaudibleAlarm
                  0x7ffe0e                  _EEemerButton
                  0x7ffe18                  _EEenergyLastResetH
                  0x7ffe1a                  _EEenergyLastResetL
                  0x7ffe20                  _EEenergyUsedLifetime1H
                  0x7ffe22                  _EEenergyUsedLifetime1L
                  0x7ffe24                  _EEenergyUsedLifetime2H
                  0x7ffe26                  _EEenergyUsedLifetime2L
                  0x7ffe28                  _EEenergyUsedLifetime3H
                  0x7ffe2a                  _EEenergyUsedLifetime3L
                  0x7ffe2c                  _EEenergyUsedLifetime4H
                  0x7ffe2e                  _EEenergyUsedLifetime4L
                  0x7ffe30                  _EEenergyUsedLifetime5H
                  0x7ffe32                  _EEenergyUsedLifetime5L
                  0x7ffe34                  _EEenergyUsedLifetime6H
                  0x7ffe36                  _EEenergyUsedLifetime6L
                  0x7ffe38                  _EEenergyUsedLifetime7H
                  0x7ffe3a                  _EEenergyUsedLifetime7L
                  0x7ffe3c                  _EEenergyUsedLifetime8H
                  0x7ffe3e                  _EEenergyUsedLifetime8L
                  0x7ffe00                  _EEpassword0
                  0x7ffe02                  _EEpassword1
                  0x7ffe04                  _EEpassword2
                  0x7ffe06                  _EEpassword3
                  0x7ffe08                  _EEpassword4
                  0x7ffe0a                  _EEpassword5
                  0x7ffe0c                  _EEpowerAlloc
                  0x7ffe1c                  _EEpreviousCycleUsedH
                  0x7ffe1e                  _EEpreviousCycleUsedL
                  0x7ffe40                  _EErelayActive
                  0x7ffe10                  _EEresetTime
                  0x7ffe42                  _EErtccIsSet

External Symbols in Program Memory (by address):

                  0x000200                  __resetPRI
                  0x00023c                  __psv_init
                  0x000252                  __data_init
                  0x000252                  __data_init_standard
                  0x0002c8                  __T1Interrupt
                  0x0002f8                  __U2ErrInterrupt
                  0x00030a                  __U1ErrInterrupt
                  0x00031c                  __DefaultInterrupt
                  0x000322                  ___udivsi3
                  0x000342                  ___umodsi3
                  0x000394                  ___udivmoddi3
                  0x00047a                  ___udivdi3
                  0x000488                  ___umoddi3
                  0x000490                  ___divdi3
                  0x0004f0                  ___moddi3
                  0x00054c                  ___muldi3
                  0x00059e                  ___umuldi3
                  0x0005e2                  _atoi
                  0x000620                  _atol
                  0x000676                  _utoa
                  0x0006aa                  _itoa
                  0x0006c6                  _ultoa
                  0x000712                  _ltoa
                  0x000732                  ___mulp32peds3
                  0x000732                  ___mulp32eds3
                  0x000732                  ___mulsi3
                  0x0007be                  _commInit
                  0x0007d8                  _commRunRoutine
                  0x0007ee                  _communicationsSPI
                  0x0008bc                  _communicationsUART1
                  0x000910                  _communicationsUART2
                  0x000968                  _communicationsRecv
                  0x000a28                  _communicationsSend
                  0x000ab0                  _set_current_port
                  0x000b08                  _process_data
                  0x000b22                  _process_data_parameterize
                  0x000c06                  _process_data_parameters
                  0x001320                  _command_builder1
                  0x001342                  _command_builder2
                  0x001372                  _command_builder3
                  0x0013b0                  _command_builder4
                  0x0013fc                  _command_builder5
                  0x00145c                  _command_builder6
                  0x0014ca                  _command_builder7
                  0x001546                  _command_builder_add_char
                  0x001578                  _command_builder_add_string
                  0x0015a4                  _strmatch
                  0x0015ce                  _strcmp2
                  0x001670                  _fillOnOff
                  0x0016b6                  _checkOnOff
                  0x0016e2                  _zeroPad_itoa
                  0x001764                  _SPI_receive_data_char
                  0x001786                  _SPI_send_data_char
                  0x0017a6                  _UART1_receive_data_char
                  0x0017d0                  _UART1_send_data_char
                  0x0017f2                  _UART2_receive_data_char
                  0x001814                  _UART2_send_data_char
                  0x001836                  _send_end_of_transmission
                  0x001844                  _commSPIInit
                  0x00188c                  _uartInit
                  0x001896                  _initUART2
                  0x001900                  _initUART1
                  0x00196a                  _writeWait
                  0x00198c                  _eeReadPasswordNew
                  0x001a18                  _eeWritePasswordNew
                  0x001b26                  _eeReadEnergyCycleAllocationNew
                  0x001b4c                  _eeWriteEnergyAllocNew
                  0x001b7e                  _eeReadEmergencyButtonNew
                  0x001bb8                  _eeWriteEmerButtonNew
                  0x001bea                  _eeReadResetTimeNew
                  0x001c2a                  _eeWriteResetTimeNew
                  0x001c66                  _eeReadAlarmNew
                  0x001cea                  _eeWriteAlarmNew
                  0x001d7c                  _eeReadTotalsNew
                  0x001dfc                  _eeWriteEnergyTotalsNew
                  0x001eba                  _eeReadEnergyUsedNew
                  0x002012                  _eeWriteEnergyLifetimeNew
                  0x0023f6                  _eeReadRelayNew
                  0x002420                  _eeWriteRelayNew
                  0x00245c                  _eeReadRTCCIsSet
                  0x002486                  _eeWriteRTCCIsSet
                  0x0024c2                  _findSlotToRead
                  0x0025ae                  _findPowerToWrite
                  0x0025c0                  _combineIntsToLong
                  0x0025dc                  _separateLongToInts
                  0x0025f8                  _rtccInit
                  0x002602                  _rtccCopyI2CTime
                  0x002614                  _rtccInternalInit
                  0x002654                  _rtccReadTime
                  0x0026ce                  _rtccSetTime
                  0x0027a8                  _BcdToDec
                  0x0027c8                  _DecToBcd
                  0x002802                  _rtccI2CInit
                  0x00280e                  _initI2Crtcc
                  0x002828                  _startI2CClock
                  0x002876                  _setI2CClockBuildTime
                  0x002a08                  _rtccI2CReadTime
                  0x002a78                  _rtccI2CSetTime
                  0x002b12                  _BeginSequentialReadI2C
                  0x002b38                  _SequentialReadI2C
                  0x002b5c                  _ReadI2CRegister
                  0x002b7e                  _rtccI2CReadPowerTimes
                  0x002c36                  _IdleI2C
                  0x002c48                  _StartI2C
                  0x002c5a                  _StopI2C
                  0x002c6c                  _RestartI2C
                  0x002c7e                  _NackI2C
                  0x002c92                  _AckI2C
                  0x002ca6                  _WriteI2C
                  0x002cc8                  _ReadI2C
                  0x002cf6                  _BcdToDecI2C
                  0x002d2e                  _DecToBcdI2C
                  0x002d68                  _ledInit
                  0x002d76                  _ledSet
                  0x002df2                  _ledSetOn
                  0x002e04                  _ledSetOff
                  0x002e16                  _ledTestSetOn
                  0x002e1e                  _ledTestSetOff
                  0x002e26                  _ledSetAll
                  0x002e4c                  _ledTestSetAll
                  0x002e5a                  _ledSetAllOn
                  0x002e6a                  _ledSetAllOff
                  0x002e7a                  _ledTestSetAllOn
                  0x002e80                  _ledTestSetAllOff
                  0x002e86                  _ledToggle
                  0x002eee                  _ledTestToggle
                  0x002ef6                  _ledRunUp
                  0x002fb2                  _ledRunDown
                  0x00306e                  _ledRun
                  0x00307e                  _ledSetFrontEnergyRemain
                  0x00315e                  _ledSetFrontFindMe
                  0x0031f8                  _ledShowChar
                  0x003284                  _ledShowIntH
                  0x003296                  _ledShowIntL
                  0x0032aa                  _main
                  0x0033b2                  _initOscillator
                  0x0033dc                  _init
                  0x00342e                  _initPorts
                  0x00343a                  _initReadGlobalsFromEEPROM
                  0x00349a                  _initTimer
                  0x0034d4                  _powerOnCheckForAllocationReset
                  0x0035d8                  _dailyResetCheck
                  0x003608                  _dailyReset
                  0x003642                  _readEmergencyButton
                  0x0036b4                  _storeToEE
                  0x0036c0                  _relayControl
                  0x003700                  _resetCodeCapture
                  0x00370c                  _resetReportDisplay
                  0x003862                  ___delay32
                  0xf80000                  __FBS.sec
                  0xf80004                  __FGS.sec

External Symbols in Program Memory (by name):

                  0x002c92                  _AckI2C
                  0x0027a8                  _BcdToDec
                  0x002cf6                  _BcdToDecI2C
                  0x002b12                  _BeginSequentialReadI2C
                  0x0027c8                  _DecToBcd
                  0x002d2e                  _DecToBcdI2C
                  0x002c36                  _IdleI2C
                  0x002c7e                  _NackI2C
                  0x002cc8                  _ReadI2C
                  0x002b5c                  _ReadI2CRegister
                  0x002c6c                  _RestartI2C
                  0x001764                  _SPI_receive_data_char
                  0x001786                  _SPI_send_data_char
                  0x002b38                  _SequentialReadI2C
                  0x002c48                  _StartI2C
                  0x002c5a                  _StopI2C
                  0x0017a6                  _UART1_receive_data_char
                  0x0017d0                  _UART1_send_data_char
                  0x0017f2                  _UART2_receive_data_char
                  0x001814                  _UART2_send_data_char
                  0x002ca6                  _WriteI2C
                  0x00031c                  __DefaultInterrupt
                  0xf80000                  __FBS.sec
                  0xf80004                  __FGS.sec
                  0x0002c8                  __T1Interrupt
                  0x00030a                  __U1ErrInterrupt
                  0x0002f8                  __U2ErrInterrupt
                  0x003862                  ___delay32
                  0x000490                  ___divdi3
                  0x0004f0                  ___moddi3
                  0x00054c                  ___muldi3
                  0x000732                  ___mulp32eds3
                  0x000732                  ___mulp32peds3
                  0x000732                  ___mulsi3
                  0x00047a                  ___udivdi3
                  0x000394                  ___udivmoddi3
                  0x000322                  ___udivsi3
                  0x000488                  ___umoddi3
                  0x000342                  ___umodsi3
                  0x00059e                  ___umuldi3
                  0x000252                  __data_init
                  0x000252                  __data_init_standard
                  0x00023c                  __psv_init
                  0x000200                  __resetPRI
                  0x0005e2                  _atoi
                  0x000620                  _atol
                  0x0016b6                  _checkOnOff
                  0x0025c0                  _combineIntsToLong
                  0x0007be                  _commInit
                  0x0007d8                  _commRunRoutine
                  0x001844                  _commSPIInit
                  0x001320                  _command_builder1
                  0x001342                  _command_builder2
                  0x001372                  _command_builder3
                  0x0013b0                  _command_builder4
                  0x0013fc                  _command_builder5
                  0x00145c                  _command_builder6
                  0x0014ca                  _command_builder7
                  0x001546                  _command_builder_add_char
                  0x001578                  _command_builder_add_string
                  0x000968                  _communicationsRecv
                  0x0007ee                  _communicationsSPI
                  0x000a28                  _communicationsSend
                  0x0008bc                  _communicationsUART1
                  0x000910                  _communicationsUART2
                  0x003608                  _dailyReset
                  0x0035d8                  _dailyResetCheck
                  0x001c66                  _eeReadAlarmNew
                  0x001b7e                  _eeReadEmergencyButtonNew
                  0x001b26                  _eeReadEnergyCycleAllocationNew
                  0x001eba                  _eeReadEnergyUsedNew
                  0x00198c                  _eeReadPasswordNew
                  0x00245c                  _eeReadRTCCIsSet
                  0x0023f6                  _eeReadRelayNew
                  0x001bea                  _eeReadResetTimeNew
                  0x001d7c                  _eeReadTotalsNew
                  0x001cea                  _eeWriteAlarmNew
                  0x001bb8                  _eeWriteEmerButtonNew
                  0x001b4c                  _eeWriteEnergyAllocNew
                  0x002012                  _eeWriteEnergyLifetimeNew
                  0x001dfc                  _eeWriteEnergyTotalsNew
                  0x001a18                  _eeWritePasswordNew
                  0x002486                  _eeWriteRTCCIsSet
                  0x002420                  _eeWriteRelayNew
                  0x001c2a                  _eeWriteResetTimeNew
                  0x001670                  _fillOnOff
                  0x0025ae                  _findPowerToWrite
                  0x0024c2                  _findSlotToRead
                  0x0033dc                  _init
                  0x00280e                  _initI2Crtcc
                  0x0033b2                  _initOscillator
                  0x00342e                  _initPorts
                  0x00343a                  _initReadGlobalsFromEEPROM
                  0x00349a                  _initTimer
                  0x001900                  _initUART1
                  0x001896                  _initUART2
                  0x0006aa                  _itoa
                  0x002d68                  _ledInit
                  0x00306e                  _ledRun
                  0x002fb2                  _ledRunDown
                  0x002ef6                  _ledRunUp
                  0x002d76                  _ledSet
                  0x002e26                  _ledSetAll
                  0x002e6a                  _ledSetAllOff
                  0x002e5a                  _ledSetAllOn
                  0x00307e                  _ledSetFrontEnergyRemain
                  0x00315e                  _ledSetFrontFindMe
                  0x002e04                  _ledSetOff
                  0x002df2                  _ledSetOn
                  0x0031f8                  _ledShowChar
                  0x003284                  _ledShowIntH
                  0x003296                  _ledShowIntL
                  0x002e4c                  _ledTestSetAll
                  0x002e80                  _ledTestSetAllOff
                  0x002e7a                  _ledTestSetAllOn
                  0x002e1e                  _ledTestSetOff
                  0x002e16                  _ledTestSetOn
                  0x002eee                  _ledTestToggle
                  0x002e86                  _ledToggle
                  0x000712                  _ltoa
                  0x0032aa                  _main
                  0x0034d4                  _powerOnCheckForAllocationReset
                  0x000b08                  _process_data
                  0x000b22                  _process_data_parameterize
                  0x000c06                  _process_data_parameters
                  0x003642                  _readEmergencyButton
                  0x0036c0                  _relayControl
                  0x003700                  _resetCodeCapture
                  0x00370c                  _resetReportDisplay
                  0x002602                  _rtccCopyI2CTime
                  0x002802                  _rtccI2CInit
                  0x002b7e                  _rtccI2CReadPowerTimes
                  0x002a08                  _rtccI2CReadTime
                  0x002a78                  _rtccI2CSetTime
                  0x0025f8                  _rtccInit
                  0x002614                  _rtccInternalInit
                  0x002654                  _rtccReadTime
                  0x0026ce                  _rtccSetTime
                  0x001836                  _send_end_of_transmission
                  0x0025dc                  _separateLongToInts
                  0x002876                  _setI2CClockBuildTime
                  0x000ab0                  _set_current_port
                  0x002828                  _startI2CClock
                  0x0036b4                  _storeToEE
                  0x0015ce                  _strcmp2
                  0x0015a4                  _strmatch
                  0x00188c                  _uartInit
                  0x0006c6                  _ultoa
                  0x000676                  _utoa
                  0x00196a                  _writeWait
                  0x0016e2                  _zeroPad_itoa

Memory Configuration

Name             Origin             Length             Attributes
data             0x000800           0x000800           a !xr
reset            0x000000           0x000004  
ivt              0x000004           0x0000fc  
_reserved        0x000100           0x000004  
aivt             0x000104           0x0000fc  
program          0x000200           0x005600           xr
eedata           0x7ffe00           0x000200  
FBS              0xf80000           0x000002  
FGS              0xf80004           0x000002  
FOSCSEL          0xf80006           0x000002  
FOSC             0xf80008           0x000002  
FWDT             0xf8000a           0x000002  
FPOR             0xf8000c           0x000002  
FICD             0xf8000e           0x000002  
FDS              0xf80010           0x000002  
*default*        0x000000           0xffffffff  

Linker script and memory map

LOAD build/default/production/PowerMain.o
LOAD build/default/production/EEPROM.o
LOAD build/default/production/MasterComm.o
LOAD build/default/production/LEDControl.o
LOAD build/default/production/ResetReport.o
LOAD build/default/production/_ConfigPragma.o
LOAD build/default/production/RTCC.o
                    0x0001                  __MPLAB_BUILD = 0x1
LOAD pPIC24Fxxx
LOAD c:/program files (x86)/microchip/xc16/v1.36/bin/bin/../../lib\libfx-elf.a
                    0xf80000                  __FBS = 0xf80000
                    0xf80004                  __FGS = 0xf80004
                    0xf80006                  __FOSCSEL = 0xf80006
                    0xf80008                  __FOSC = 0xf80008
                    0xf8000a                  __FWDT = 0xf8000a
                    0xf8000c                  __FPOR = 0xf8000c
                    0xf8000e                  __FICD = 0xf8000e
                    0xf80010                  __FDS = 0xf80010
                    0x0001                  __NO_HANDLES = 0x1
                    0x0200                  __CODE_BASE = 0x200
                    0x5600                  __CODE_LENGTH = 0x5600
                    0x0004                  __IVT_BASE = 0x4
                    0x0104                  __AIVT_BASE = 0x104
                    0x0800                  __DATA_BASE = 0x800
                    0x0800                  __DATA_LENGTH = 0x800

.reset            0x000000          0x4
                  0x000000          0x2 SHORT 0x200 ABSOLUTE (__reset)
                  0x000001          0x2 SHORT 0x4
                  0x000002          0x2 SHORT 0x0 ((ABSOLUTE (__reset) >> 0x10) & 0x7f)
                  0x000003          0x2 SHORT 0x0

.text             0x000200        0x53e
 *(.init)
 .init            0x000200         0x4c c:/program files (x86)/microchip/xc16/v1.36/bin/bin/../../lib\libpic30-elf.a(crt0_standard.o)
                  0x000200                  __resetPRI
                  0x000200                  __reset
                  0x00023c                  __psv_init
 .init            0x00024c         0x7c c:/program files (x86)/microchip/xc16/v1.36/bin/bin/../../lib\libpic30-elf.a(data_init_standard.o)
                  0x000252                  __data_init_standard
                  0x000252                  __data_init
 *(.user_init)
 *(.handle)
 *(.isr*)
 .isr.text        0x0002c8         0x30 build/default/production/PowerMain.o
                  0x0002c8                  __T1Interrupt
 .isr.text        0x0002f8         0x24 build/default/production/MasterComm.o
                  0x0002f8                  __U2ErrInterrupt
                  0x00030a                  __U1ErrInterrupt
 .isr             0x00031c          0x4 default_isr
                  0x00031c                  __DefaultInterrupt
 *(.libc)
 *(.libm)
 *(.libdsp)
 *(.lib*)
 .libpic30_crt_start_mode
                  0x000320          0x2 c:/program files (x86)/microchip/xc16/v1.36/bin/bin/../../lib\libpic30-elf.a(crt_start_mode_normal.eo)
                  0x000320                  __crt_start_mode
                  0x000320                  __crt_start_mode_normal
 .libm.udivsi3    0x000322         0x20 c:/program files (x86)/microchip/xc16/v1.36/bin/bin/../../lib\libm-elf.a(udivsi3.eo)
                  0x000322                  ___udivsi3
 .libm.umodsi3    0x000342          0x6 c:/program files (x86)/microchip/xc16/v1.36/bin/bin/../../lib\libm-elf.a(umodsi3.eo)
                  0x000342                  ___umodsi3
 .libm.__PplusBdi
                  0x000348         0x26 c:/program files (x86)/microchip/xc16/v1.36/bin/bin/../../lib\libm-elf.a(divmoddi3.eo)
 .libm.__PminusBdi
                  0x00036e         0x26 c:/program files (x86)/microchip/xc16/v1.36/bin/bin/../../lib\libm-elf.a(divmoddi3.eo)
 .libm.__udivmoddi3
                  0x000394         0xe6 c:/program files (x86)/microchip/xc16/v1.36/bin/bin/../../lib\libm-elf.a(divmoddi3.eo)
                  0x000394                  ___udivmoddi3
 .libm.__udivdi3
                  0x00047a          0xe c:/program files (x86)/microchip/xc16/v1.36/bin/bin/../../lib\libm-elf.a(divmoddi3.eo)
                  0x00047a                  ___udivdi3
 .libm.__umoddi3
                  0x000488          0x8 c:/program files (x86)/microchip/xc16/v1.36/bin/bin/../../lib\libm-elf.a(divmoddi3.eo)
                  0x000488                  ___umoddi3
 .libm.__divdi3
                  0x000490         0x60 c:/program files (x86)/microchip/xc16/v1.36/bin/bin/../../lib\libm-elf.a(divmoddi3.eo)
                  0x000490                  ___divdi3
 .libm.__moddi3
                  0x0004f0         0x5c c:/program files (x86)/microchip/xc16/v1.36/bin/bin/../../lib\libm-elf.a(divmoddi3.eo)
                  0x0004f0                  ___moddi3
 .libm.__muldi3
                  0x00054c         0x52 c:/program files (x86)/microchip/xc16/v1.36/bin/bin/../../lib\libm-elf.a(muldi3.eo)
                  0x00054c                  ___muldi3
 .libm.umuldi3    0x00059e         0x44 c:/program files (x86)/microchip/xc16/v1.36/bin/bin/../../lib\libm-elf.a(umuldi3.eo)
                  0x00059e                  ___umuldi3
 .libc.atoi       0x0005e2         0x3e c:/program files (x86)/microchip/xc16/v1.36/bin/bin/../../lib\libc-elf.a(atoi.eo)
                  0x0005e2                  _atoi
 .libc.atol       0x000620         0x56 c:/program files (x86)/microchip/xc16/v1.36/bin/bin/../../lib\libc-elf.a(atol.eo)
                  0x000620                  _atol
 .libc.utoa       0x000676         0x34 c:/program files (x86)/microchip/xc16/v1.36/bin/bin/../../lib\libc-elf.a(itoa.eo)
                  0x000676                  _utoa
 .libc.itoa       0x0006aa         0x1c c:/program files (x86)/microchip/xc16/v1.36/bin/bin/../../lib\libc-elf.a(itoa.eo)
                  0x0006aa                  _itoa
 .libc.ultoa      0x0006c6         0x4c c:/program files (x86)/microchip/xc16/v1.36/bin/bin/../../lib\libc-elf.a(ltoa.eo)
                  0x0006c6                  _ultoa
 .libc.ltoa       0x000712         0x20 c:/program files (x86)/microchip/xc16/v1.36/bin/bin/../../lib\libc-elf.a(ltoa.eo)
                  0x000712                  _ltoa
 .libm.mulsi3     0x000732          0xc c:/program files (x86)/microchip/xc16/v1.36/bin/bin/../../lib\libm-elf.a(mulsi3.eo)
                  0x000732                  ___mulp32peds3
                  0x000732                  ___mulsi3
                  0x000732                  ___mulp32eds3

usercode
 *(usercode)

__FBS             0xf80000          0x2
 *(__FBS.sec*)
 __FBS.sec        0xf80000          0x2 /CW/_FBS°ìþ
                  0xf80000                  __FBS.sec

__FGS             0xf80004          0x2
 *(__FGS.sec*)
 __FGS.sec        0xf80004          0x2 /CW/_FGS Ìþ
                  0xf80004                  __FGS.sec

__FOSCSEL
 *(__FOSCSEL.sec*)

__FOSC
 *(__FOSC.sec*)

__FWDT
 *(__FWDT.sec*)

__FPOR
 *(__FPOR.sec*)

__FICD
 *(__FICD.sec*)

__FDS
 *(__FDS.sec*)

.comment
 *(.comment)

.debug_info       0x000000       0x7be9
 *(.debug_info)
 .debug_info      0x000000       0x16ff build/default/production/PowerMain.o
 .debug_info      0x0016ff       0x1137 build/default/production/EEPROM.o
 .debug_info      0x002836       0x2fec build/default/production/MasterComm.o
 .debug_info      0x005822        0xea0 build/default/production/LEDControl.o
 .debug_info      0x0066c2        0x266 build/default/production/ResetReport.o
 .debug_info      0x006928       0x12c1 build/default/production/RTCC.o
 *(.gnu.linkonce.wi.*)

.debug_abbrev     0x000000        0x9ba
 *(.debug_abbrev)
 .debug_abbrev    0x000000        0x199 build/default/production/PowerMain.o
 .debug_abbrev    0x000199        0x1f9 build/default/production/EEPROM.o
 .debug_abbrev    0x000392        0x215 build/default/production/MasterComm.o
 .debug_abbrev    0x0005a7        0x169 build/default/production/LEDControl.o
 .debug_abbrev    0x000710         0xa5 build/default/production/ResetReport.o
 .debug_abbrev    0x0007b5          0x1 build/default/production/_ConfigPragma.o
 .debug_abbrev    0x0007b6        0x204 build/default/production/RTCC.o

.debug_line       0x000000        0xed2
 *(.debug_line)
 .debug_line      0x000000        0x1f0 build/default/production/PowerMain.o
 .debug_line      0x0001f0        0x33c build/default/production/EEPROM.o
 .debug_line      0x00052c        0x436 build/default/production/MasterComm.o
 .debug_line      0x000962        0x1be build/default/production/LEDControl.o
 .debug_line      0x000b20        0x119 build/default/production/ResetReport.o
 .debug_line      0x000c39         0x1a build/default/production/_ConfigPragma.o
 .debug_line      0x000c53        0x27f build/default/production/RTCC.o

.debug_frame      0x000000        0xe6a
 *(.debug_frame)
 .debug_frame     0x000000        0x198 build/default/production/PowerMain.o
 .debug_frame     0x000198        0x2b0 build/default/production/EEPROM.o
 .debug_frame     0x000448        0x44c build/default/production/MasterComm.o
 .debug_frame     0x000894        0x27c build/default/production/LEDControl.o
 .debug_frame     0x000b10         0x4c build/default/production/ResetReport.o
 .debug_frame     0x000b5c        0x30e build/default/production/RTCC.o

.debug_str        0x000000        0x814
 *(.debug_str)
 .debug_str       0x000000        0x113 build/default/production/PowerMain.o
 .debug_str       0x000113        0x2fd build/default/production/EEPROM.o
 .debug_str       0x000410        0x270 build/default/production/MasterComm.o
 .debug_str       0x000680         0xdb build/default/production/LEDControl.o
 .debug_str       0x00075b         0xb9 build/default/production/RTCC.o

.debug_loc
 *(.debug_loc)

.debug_macinfo
 *(.debug_macinfo)

.debug_pubnames
                  0x000000        0xdfe
 *(.debug_pubnames)
 .debug_pubnames
                  0x000000        0x200 build/default/production/PowerMain.o
 .debug_pubnames
                  0x000200        0x51e build/default/production/EEPROM.o
 .debug_pubnames
                  0x00071e        0x335 build/default/production/MasterComm.o
 .debug_pubnames
                  0x000a53        0x195 build/default/production/LEDControl.o
 .debug_pubnames
                  0x000be8         0x3e build/default/production/ResetReport.o
 .debug_pubnames
                  0x000c26        0x1d8 build/default/production/RTCC.o

.debug_ranges
 *(.debug_ranges)

.debug_aranges    0x000000         0x90
 *(.debug_aranges)
 .debug_aranges
                  0x000000         0x18 build/default/production/PowerMain.o
 .debug_aranges
                  0x000018         0x18 build/default/production/EEPROM.o
 .debug_aranges
                  0x000030         0x18 build/default/production/MasterComm.o
 .debug_aranges
                  0x000048         0x18 build/default/production/LEDControl.o
 .debug_aranges
                  0x000060         0x18 build/default/production/ResetReport.o
 .debug_aranges
                  0x000078         0x18 build/default/production/RTCC.o
                    0x0000                  WREG0 = 0x0
                    0x0000                  _WREG0 = 0x0
                    0x0002                  WREG1 = 0x2
                    0x0002                  _WREG1 = 0x2
                    0x0004                  WREG2 = 0x4
                    0x0004                  _WREG2 = 0x4
                    0x0006                  WREG3 = 0x6
                    0x0006                  _WREG3 = 0x6
                    0x0008                  WREG4 = 0x8
                    0x0008                  _WREG4 = 0x8
                    0x000a                  WREG5 = 0xa
                    0x000a                  _WREG5 = 0xa
                    0x000c                  WREG6 = 0xc
                    0x000c                  _WREG6 = 0xc
                    0x000e                  WREG7 = 0xe
                    0x000e                  _WREG7 = 0xe
                    0x0010                  WREG8 = 0x10
                    0x0010                  _WREG8 = 0x10
                    0x0012                  WREG9 = 0x12
                    0x0012                  _WREG9 = 0x12
                    0x0014                  WREG10 = 0x14
                    0x0014                  _WREG10 = 0x14
                    0x0016                  WREG11 = 0x16
                    0x0016                  _WREG11 = 0x16
                    0x0018                  WREG12 = 0x18
                    0x0018                  _WREG12 = 0x18
                    0x001a                  WREG13 = 0x1a
                    0x001a                  _WREG13 = 0x1a
                    0x001c                  WREG14 = 0x1c
                    0x001c                  _WREG14 = 0x1c
                    0x001e                  WREG15 = 0x1e
                    0x001e                  _WREG15 = 0x1e
                    0x0020                  SPLIM = 0x20
                    0x0020                  _SPLIM = 0x20
                    0x002e                  PCL = 0x2e
                    0x002e                  _PCL = 0x2e
                    0x0030                  PCH = 0x30
                    0x0030                  _PCH = 0x30
                    0x0032                  TBLPAG = 0x32
                    0x0032                  _TBLPAG = 0x32
                    0x0034                  PSVPAG = 0x34
                    0x0034                  _PSVPAG = 0x34
                    0x0036                  RCOUNT = 0x36
                    0x0036                  _RCOUNT = 0x36
                    0x0036                  _RCOUNTbits = 0x36
                    0x0042                  SR = 0x42
                    0x0042                  _SR = 0x42
                    0x0042                  _SRbits = 0x42
                    0x0044                  CORCON = 0x44
                    0x0044                  _CORCON = 0x44
                    0x0044                  _CORCONbits = 0x44
                    0x0052                  DISICNT = 0x52
                    0x0052                  _DISICNT = 0x52
                    0x0056                  CNPD1 = 0x56
                    0x0056                  _CNPD1 = 0x56
                    0x0056                  _CNPD1bits = 0x56
                    0x0058                  CNPD2 = 0x58
                    0x0058                  _CNPD2 = 0x58
                    0x0058                  _CNPD2bits = 0x58
                    0x005a                  CNPD3 = 0x5a
                    0x005a                  _CNPD3 = 0x5a
                    0x0062                  CNEN1 = 0x62
                    0x0062                  _CNEN1 = 0x62
                    0x0062                  _CNEN1bits = 0x62
                    0x0064                  CNEN2 = 0x64
                    0x0064                  _CNEN2 = 0x64
                    0x0064                  _CNEN2bits = 0x64
                    0x0066                  CNEN3 = 0x66
                    0x0066                  _CNEN3 = 0x66
                    0x006e                  CNPU1 = 0x6e
                    0x006e                  _CNPU1 = 0x6e
                    0x006e                  _CNPU1bits = 0x6e
                    0x0070                  CNPU2 = 0x70
                    0x0070                  _CNPU2 = 0x70
                    0x0070                  _CNPU2bits = 0x70
                    0x0072                  CNPU3 = 0x72
                    0x0072                  _CNPU3 = 0x72
                    0x0080                  INTCON1 = 0x80
                    0x0080                  _INTCON1 = 0x80
                    0x0080                  _INTCON1bits = 0x80
                    0x0082                  INTCON2 = 0x82
                    0x0082                  _INTCON2 = 0x82
                    0x0082                  _INTCON2bits = 0x82
                    0x0084                  IFS0 = 0x84
                    0x0084                  _IFS0 = 0x84
                    0x0084                  _IFS0bits = 0x84
                    0x0086                  IFS1 = 0x86
                    0x0086                  _IFS1 = 0x86
                    0x0086                  _IFS1bits = 0x86
                    0x0088                  IFS2 = 0x88
                    0x0088                  _IFS2 = 0x88
                    0x0088                  _IFS2bits = 0x88
                    0x008a                  IFS3 = 0x8a
                    0x008a                  _IFS3 = 0x8a
                    0x008a                  _IFS3bits = 0x8a
                    0x008c                  IFS4 = 0x8c
                    0x008c                  _IFS4 = 0x8c
                    0x008c                  _IFS4bits = 0x8c
                    0x008e                  IFS5 = 0x8e
                    0x008e                  _IFS5 = 0x8e
                    0x008e                  _IFS5bits = 0x8e
                    0x0094                  IEC0 = 0x94
                    0x0094                  _IEC0 = 0x94
                    0x0094                  _IEC0bits = 0x94
                    0x0096                  IEC1 = 0x96
                    0x0096                  _IEC1 = 0x96
                    0x0096                  _IEC1bits = 0x96
                    0x0098                  IEC2 = 0x98
                    0x0098                  _IEC2 = 0x98
                    0x0098                  _IEC2bits = 0x98
                    0x009a                  IEC3 = 0x9a
                    0x009a                  _IEC3 = 0x9a
                    0x009a                  _IEC3bits = 0x9a
                    0x009c                  IEC4 = 0x9c
                    0x009c                  _IEC4 = 0x9c
                    0x009c                  _IEC4bits = 0x9c
                    0x009e                  IEC5 = 0x9e
                    0x009e                  _IEC5 = 0x9e
                    0x009e                  _IEC5bits = 0x9e
                    0x00a4                  IPC0 = 0xa4
                    0x00a4                  _IPC0 = 0xa4
                    0x00a4                  _IPC0bits = 0xa4
                    0x00a6                  IPC1 = 0xa6
                    0x00a6                  _IPC1 = 0xa6
                    0x00a6                  _IPC1bits = 0xa6
                    0x00a8                  IPC2 = 0xa8
                    0x00a8                  _IPC2 = 0xa8
                    0x00a8                  _IPC2bits = 0xa8
                    0x00aa                  IPC3 = 0xaa
                    0x00aa                  _IPC3 = 0xaa
                    0x00aa                  _IPC3bits = 0xaa
                    0x00ac                  IPC4 = 0xac
                    0x00ac                  _IPC4 = 0xac
                    0x00ac                  _IPC4bits = 0xac
                    0x00ae                  IPC5 = 0xae
                    0x00ae                  _IPC5 = 0xae
                    0x00ae                  _IPC5bits = 0xae
                    0x00b0                  IPC6 = 0xb0
                    0x00b0                  _IPC6 = 0xb0
                    0x00b0                  _IPC6bits = 0xb0
                    0x00b2                  IPC7 = 0xb2
                    0x00b2                  _IPC7 = 0xb2
                    0x00b2                  _IPC7bits = 0xb2
                    0x00b4                  IPC8 = 0xb4
                    0x00b4                  _IPC8 = 0xb4
                    0x00b4                  _IPC8bits = 0xb4
                    0x00b6                  IPC9 = 0xb6
                    0x00b6                  _IPC9 = 0xb6
                    0x00b6                  _IPC9bits = 0xb6
                    0x00bc                  IPC12 = 0xbc
                    0x00bc                  _IPC12 = 0xbc
                    0x00bc                  _IPC12bits = 0xbc
                    0x00c2                  IPC15 = 0xc2
                    0x00c2                  _IPC15 = 0xc2
                    0x00c2                  _IPC15bits = 0xc2
                    0x00c4                  IPC16 = 0xc4
                    0x00c4                  _IPC16 = 0xc4
                    0x00c4                  _IPC16bits = 0xc4
                    0x00c8                  IPC18 = 0xc8
                    0x00c8                  _IPC18 = 0xc8
                    0x00c8                  _IPC18bits = 0xc8
                    0x00ca                  IPC19 = 0xca
                    0x00ca                  _IPC19 = 0xca
                    0x00ca                  _IPC19bits = 0xca
                    0x00cc                  IPC20 = 0xcc
                    0x00cc                  _IPC20 = 0xcc
                    0x00cc                  _IPC20bits = 0xcc
                    0x00e0                  INTTREG = 0xe0
                    0x00e0                  _INTTREG = 0xe0
                    0x00e0                  _INTTREGbits = 0xe0
                    0x0100                  TMR1 = 0x100
                    0x0100                  _TMR1 = 0x100
                    0x0102                  PR1 = 0x102
                    0x0102                  _PR1 = 0x102
                    0x0104                  T1CON = 0x104
                    0x0104                  _T1CON = 0x104
                    0x0104                  _T1CONbits = 0x104
                    0x0106                  TMR2 = 0x106
                    0x0106                  _TMR2 = 0x106
                    0x0108                  TMR3HLD = 0x108
                    0x0108                  _TMR3HLD = 0x108
                    0x010a                  TMR3 = 0x10a
                    0x010a                  _TMR3 = 0x10a
                    0x010c                  PR2 = 0x10c
                    0x010c                  _PR2 = 0x10c
                    0x010e                  PR3 = 0x10e
                    0x010e                  _PR3 = 0x10e
                    0x0110                  T2CON = 0x110
                    0x0110                  _T2CON = 0x110
                    0x0110                  _T2CONbits = 0x110
                    0x0112                  T3CON = 0x112
                    0x0112                  _T3CON = 0x112
                    0x0112                  _T3CONbits = 0x112
                    0x0114                  TMR4 = 0x114
                    0x0114                  _TMR4 = 0x114
                    0x0116                  TMR5HLD = 0x116
                    0x0116                  _TMR5HLD = 0x116
                    0x0118                  TMR5 = 0x118
                    0x0118                  _TMR5 = 0x118
                    0x011a                  PR4 = 0x11a
                    0x011a                  _PR4 = 0x11a
                    0x011c                  PR5 = 0x11c
                    0x011c                  _PR5 = 0x11c
                    0x011e                  T4CON = 0x11e
                    0x011e                  _T4CON = 0x11e
                    0x011e                  _T4CONbits = 0x11e
                    0x0120                  T5CON = 0x120
                    0x0120                  _T5CON = 0x120
                    0x0120                  _T5CONbits = 0x120
                    0x0140                  IC1CON1 = 0x140
                    0x0140                  _IC1CON1 = 0x140
                    0x0140                  _IC1CON1bits = 0x140
                    0x0142                  IC1CON2 = 0x142
                    0x0142                  _IC1CON2 = 0x142
                    0x0142                  _IC1CON2bits = 0x142
                    0x0144                  IC1BUF = 0x144
                    0x0144                  _IC1BUF = 0x144
                    0x0146                  IC1TMR = 0x146
                    0x0146                  _IC1TMR = 0x146
                    0x0148                  IC2CON1 = 0x148
                    0x0148                  _IC2CON1 = 0x148
                    0x0148                  _IC2CON1bits = 0x148
                    0x014a                  IC2CON2 = 0x14a
                    0x014a                  _IC2CON2 = 0x14a
                    0x014a                  _IC2CON2bits = 0x14a
                    0x014c                  IC2BUF = 0x14c
                    0x014c                  _IC2BUF = 0x14c
                    0x014e                  IC2TMR = 0x14e
                    0x014e                  _IC2TMR = 0x14e
                    0x0150                  IC3CON1 = 0x150
                    0x0150                  _IC3CON1 = 0x150
                    0x0150                  _IC3CON1bits = 0x150
                    0x0152                  IC3CON2 = 0x152
                    0x0152                  _IC3CON2 = 0x152
                    0x0152                  _IC3CON2bits = 0x152
                    0x0154                  IC3BUF = 0x154
                    0x0154                  _IC3BUF = 0x154
                    0x0156                  IC3TMR = 0x156
                    0x0156                  _IC3TMR = 0x156
                    0x0190                  OC1CON1 = 0x190
                    0x0190                  _OC1CON1 = 0x190
                    0x0190                  _OC1CON1bits = 0x190
                    0x0192                  OC1CON2 = 0x192
                    0x0192                  _OC1CON2 = 0x192
                    0x0192                  _OC1CON2bits = 0x192
                    0x0194                  OC1RS = 0x194
                    0x0194                  _OC1RS = 0x194
                    0x0196                  OC1R = 0x196
                    0x0196                  _OC1R = 0x196
                    0x0198                  OC1TMR = 0x198
                    0x0198                  _OC1TMR = 0x198
                    0x019a                  OC2CON1 = 0x19a
                    0x019a                  _OC2CON1 = 0x19a
                    0x019a                  _OC2CON1bits = 0x19a
                    0x019c                  OC2CON2 = 0x19c
                    0x019c                  _OC2CON2 = 0x19c
                    0x019c                  _OC2CON2bits = 0x19c
                    0x019e                  OC2RS = 0x19e
                    0x019e                  _OC2RS = 0x19e
                    0x01a0                  OC2R = 0x1a0
                    0x01a0                  _OC2R = 0x1a0
                    0x01a2                  OC2TMR = 0x1a2
                    0x01a2                  _OC2TMR = 0x1a2
                    0x01a4                  OC3CON1 = 0x1a4
                    0x01a4                  _OC3CON1 = 0x1a4
                    0x01a4                  _OC3CON1bits = 0x1a4
                    0x01a6                  OC3CON2 = 0x1a6
                    0x01a6                  _OC3CON2 = 0x1a6
                    0x01a6                  _OC3CON2bits = 0x1a6
                    0x01a8                  OC3RS = 0x1a8
                    0x01a8                  _OC3RS = 0x1a8
                    0x01aa                  OC3R = 0x1aa
                    0x01aa                  _OC3R = 0x1aa
                    0x01ac                  OC3TMR = 0x1ac
                    0x01ac                  _OC3TMR = 0x1ac
                    0x0200                  I2C1RCV = 0x200
                    0x0200                  _I2C1RCV = 0x200
                    0x0202                  I2C1TRN = 0x202
                    0x0202                  _I2C1TRN = 0x202
                    0x0204                  I2C1BRG = 0x204
                    0x0204                  _I2C1BRG = 0x204
                    0x0206                  I2C1CON = 0x206
                    0x0206                  _I2C1CON = 0x206
                    0x0206                  _I2C1CONbits = 0x206
                    0x0208                  I2C1STAT = 0x208
                    0x0208                  _I2C1STAT = 0x208
                    0x0208                  _I2C1STATbits = 0x208
                    0x020a                  I2C1ADD = 0x20a
                    0x020a                  _I2C1ADD = 0x20a
                    0x020c                  I2C1MSK = 0x20c
                    0x020c                  _I2C1MSK = 0x20c
                    0x0210                  I2C2RCV = 0x210
                    0x0210                  _I2C2RCV = 0x210
                    0x0212                  I2C2TRN = 0x212
                    0x0212                  _I2C2TRN = 0x212
                    0x0214                  I2C2BRG = 0x214
                    0x0214                  _I2C2BRG = 0x214
                    0x0216                  I2C2CON = 0x216
                    0x0216                  _I2C2CON = 0x216
                    0x0216                  _I2C2CONbits = 0x216
                    0x0218                  I2C2STAT = 0x218
                    0x0218                  _I2C2STAT = 0x218
                    0x0218                  _I2C2STATbits = 0x218
                    0x021a                  I2C2ADD = 0x21a
                    0x021a                  _I2C2ADD = 0x21a
                    0x021c                  I2C2MSK = 0x21c
                    0x021c                  _I2C2MSK = 0x21c
                    0x0220                  U1MODE = 0x220
                    0x0220                  _U1MODE = 0x220
                    0x0220                  _U1MODEbits = 0x220
                    0x0222                  U1STA = 0x222
                    0x0222                  _U1STA = 0x222
                    0x0222                  _U1STAbits = 0x222
                    0x0224                  U1TXREG = 0x224
                    0x0224                  _U1TXREG = 0x224
                    0x0224                  _U1TXREGbits = 0x224
                    0x0226                  U1RXREG = 0x226
                    0x0226                  _U1RXREG = 0x226
                    0x0226                  _U1RXREGbits = 0x226
                    0x0228                  U1BRG = 0x228
                    0x0228                  _U1BRG = 0x228
                    0x0230                  U2MODE = 0x230
                    0x0230                  _U2MODE = 0x230
                    0x0230                  _U2MODEbits = 0x230
                    0x0232                  U2STA = 0x232
                    0x0232                  _U2STA = 0x232
                    0x0232                  _U2STAbits = 0x232
                    0x0234                  U2TXREG = 0x234
                    0x0234                  _U2TXREG = 0x234
                    0x0234                  _U2TXREGbits = 0x234
                    0x0236                  U2RXREG = 0x236
                    0x0236                  _U2RXREG = 0x236
                    0x0236                  _U2RXREGbits = 0x236
                    0x0238                  U2BRG = 0x238
                    0x0238                  _U2BRG = 0x238
                    0x0240                  SPI1STAT = 0x240
                    0x0240                  _SPI1STAT = 0x240
                    0x0240                  _SPI1STATbits = 0x240
                    0x0242                  SPI1CON1 = 0x242
                    0x0242                  _SPI1CON1 = 0x242
                    0x0242                  _SPI1CON1bits = 0x242
                    0x0244                  SPI1CON2 = 0x244
                    0x0244                  _SPI1CON2 = 0x244
                    0x0244                  _SPI1CON2bits = 0x244
                    0x0248                  SPI1BUF = 0x248
                    0x0248                  _SPI1BUF = 0x248
                    0x0260                  SPI2STAT = 0x260
                    0x0260                  _SPI2STAT = 0x260
                    0x0260                  _SPI2STATbits = 0x260
                    0x0262                  SPI2CON1 = 0x262
                    0x0262                  _SPI2CON1 = 0x262
                    0x0262                  _SPI2CON1bits = 0x262
                    0x0264                  SPI2CON2 = 0x264
                    0x0264                  _SPI2CON2 = 0x264
                    0x0264                  _SPI2CON2bits = 0x264
                    0x0268                  SPI2BUF = 0x268
                    0x0268                  _SPI2BUF = 0x268
                    0x02c0                  TRISA = 0x2c0
                    0x02c0                  _TRISA = 0x2c0
                    0x02c0                  _TRISAbits = 0x2c0
                    0x02c2                  PORTA = 0x2c2
                    0x02c2                  _PORTA = 0x2c2
                    0x02c2                  _PORTAbits = 0x2c2
                    0x02c4                  LATA = 0x2c4
                    0x02c4                  _LATA = 0x2c4
                    0x02c4                  _LATAbits = 0x2c4
                    0x02c6                  ODCA = 0x2c6
                    0x02c6                  _ODCA = 0x2c6
                    0x02c6                  _ODCAbits = 0x2c6
                    0x02c8                  TRISB = 0x2c8
                    0x02c8                  _TRISB = 0x2c8
                    0x02c8                  _TRISBbits = 0x2c8
                    0x02ca                  PORTB = 0x2ca
                    0x02ca                  _PORTB = 0x2ca
                    0x02ca                  _PORTBbits = 0x2ca
                    0x02cc                  LATB = 0x2cc
                    0x02cc                  _LATB = 0x2cc
                    0x02cc                  _LATBbits = 0x2cc
                    0x02ce                  ODCB = 0x2ce
                    0x02ce                  _ODCB = 0x2ce
                    0x02ce                  _ODCBbits = 0x2ce
                    0x02fc                  PADCFG1 = 0x2fc
                    0x02fc                  _PADCFG1 = 0x2fc
                    0x02fc                  _PADCFG1bits = 0x2fc
                    0x0300                  ADC1BUF0 = 0x300
                    0x0300                  _ADC1BUF0 = 0x300
                    0x0302                  ADC1BUF1 = 0x302
                    0x0302                  _ADC1BUF1 = 0x302
                    0x0304                  ADC1BUF2 = 0x304
                    0x0304                  _ADC1BUF2 = 0x304
                    0x0306                  ADC1BUF3 = 0x306
                    0x0306                  _ADC1BUF3 = 0x306
                    0x0308                  ADC1BUF4 = 0x308
                    0x0308                  _ADC1BUF4 = 0x308
                    0x030a                  ADC1BUF5 = 0x30a
                    0x030a                  _ADC1BUF5 = 0x30a
                    0x030c                  ADC1BUF6 = 0x30c
                    0x030c                  _ADC1BUF6 = 0x30c
                    0x030e                  ADC1BUF7 = 0x30e
                    0x030e                  _ADC1BUF7 = 0x30e
                    0x0310                  ADC1BUF8 = 0x310
                    0x0310                  _ADC1BUF8 = 0x310
                    0x0312                  ADC1BUF9 = 0x312
                    0x0312                  _ADC1BUF9 = 0x312
                    0x0314                  ADC1BUF10 = 0x314
                    0x0314                  _ADC1BUF10 = 0x314
                    0x0316                  ADC1BUF11 = 0x316
                    0x0316                  _ADC1BUF11 = 0x316
                    0x0318                  ADC1BUF12 = 0x318
                    0x0318                  _ADC1BUF12 = 0x318
                    0x031a                  ADC1BUF13 = 0x31a
                    0x031a                  _ADC1BUF13 = 0x31a
                    0x031c                  ADC1BUF14 = 0x31c
                    0x031c                  _ADC1BUF14 = 0x31c
                    0x031e                  ADC1BUF15 = 0x31e
                    0x031e                  _ADC1BUF15 = 0x31e
                    0x0320                  ADC1BUF16 = 0x320
                    0x0320                  _ADC1BUF16 = 0x320
                    0x0322                  ADC1BUF17 = 0x322
                    0x0322                  _ADC1BUF17 = 0x322
                    0x0340                  AD1CON1 = 0x340
                    0x0340                  _AD1CON1 = 0x340
                    0x0340                  _AD1CON1bits = 0x340
                    0x0342                  AD1CON2 = 0x342
                    0x0342                  _AD1CON2 = 0x342
                    0x0342                  _AD1CON2bits = 0x342
                    0x0344                  AD1CON3 = 0x344
                    0x0344                  _AD1CON3 = 0x344
                    0x0344                  _AD1CON3bits = 0x344
                    0x0348                  AD1CHS = 0x348
                    0x0348                  _AD1CHS = 0x348
                    0x0348                  _AD1CHSbits = 0x348
                    0x034e                  AD1CSSH = 0x34e
                    0x034e                  _AD1CSSH = 0x34e
                    0x034e                  _AD1CSSHbits = 0x34e
                    0x0350                  AD1CSSL = 0x350
                    0x0350                  _AD1CSSL = 0x350
                    0x0350                  _AD1CSSLbits = 0x350
                    0x0354                  AD1CON5 = 0x354
                    0x0354                  _AD1CON5 = 0x354
                    0x0354                  _AD1CON5bits = 0x354
                    0x0356                  AD1CHITH = 0x356
                    0x0356                  _AD1CHITH = 0x356
                    0x0356                  _AD1CHITHbits = 0x356
                    0x0358                  AD1CHITL = 0x358
                    0x0358                  _AD1CHITL = 0x358
                    0x0358                  _AD1CHITLbits = 0x358
                    0x035a                  CTMUCON1 = 0x35a
                    0x035a                  _CTMUCON1 = 0x35a
                    0x035a                  _CTMUCON1bits = 0x35a
                    0x035c                  CTMUCON2 = 0x35c
                    0x035c                  _CTMUCON2 = 0x35c
                    0x035c                  _CTMUCON2bits = 0x35c
                    0x035e                  CTMUICON = 0x35e
                    0x035e                  _CTMUICON = 0x35e
                    0x035e                  _CTMUICONbits = 0x35e
                    0x0360                  AD1CTMUENH = 0x360
                    0x0360                  _AD1CTMUENH = 0x360
                    0x0360                  _AD1CTMUENHbits = 0x360
                    0x0362                  AD1CTMUENL = 0x362
                    0x0362                  _AD1CTMUENL = 0x362
                    0x0362                  _AD1CTMUENLbits = 0x362
                    0x04e0                  ANSA = 0x4e0
                    0x04e0                  _ANSA = 0x4e0
                    0x04e0                  _ANSAbits = 0x4e0
                    0x04e0                  ANSELA = 0x4e0
                    0x04e0                  _ANSELA = 0x4e0
                    0x04e0                  _ANSELAbits = 0x4e0
                    0x04e2                  ANSB = 0x4e2
                    0x04e2                  _ANSB = 0x4e2
                    0x04e2                  _ANSBbits = 0x4e2
                    0x04e2                  ANSELB = 0x4e2
                    0x04e2                  _ANSELB = 0x4e2
                    0x04e2                  _ANSELBbits = 0x4e2
                    0x0620                  ALRMVAL = 0x620
                    0x0620                  _ALRMVAL = 0x620
                    0x0622                  ALCFGRPT = 0x622
                    0x0622                  _ALCFGRPT = 0x622
                    0x0622                  _ALCFGRPTbits = 0x622
                    0x0624                  RTCVAL = 0x624
                    0x0624                  _RTCVAL = 0x624
                    0x0626                  RCFGCAL = 0x626
                    0x0626                  _RCFGCAL = 0x626
                    0x0626                  _RCFGCALbits = 0x626
                    0x0628                  RTCPWC = 0x628
                    0x0628                  _RTCPWC = 0x628
                    0x0628                  _RTCPWCbits = 0x628
                    0x0630                  CMSTAT = 0x630
                    0x0630                  _CMSTAT = 0x630
                    0x0630                  _CMSTATbits = 0x630
                    0x0632                  CVRCON = 0x632
                    0x0632                  _CVRCON = 0x632
                    0x0632                  _CVRCONbits = 0x632
                    0x0634                  CM1CON = 0x634
                    0x0634                  _CM1CON = 0x634
                    0x0634                  _CM1CONbits = 0x634
                    0x0636                  CM2CON = 0x636
                    0x0636                  _CM2CON = 0x636
                    0x0636                  _CM2CONbits = 0x636
                    0x0638                  CM3CON = 0x638
                    0x0638                  _CM3CON = 0x638
                    0x0638                  _CM3CONbits = 0x638
                    0x0640                  CRCCON1 = 0x640
                    0x0640                  _CRCCON1 = 0x640
                    0x0640                  _CRCCON1bits = 0x640
                    0x0642                  CRCCON2 = 0x642
                    0x0642                  _CRCCON2 = 0x642
                    0x0642                  _CRCCON2bits = 0x642
                    0x0644                  CRCXOR = 0x644
                    0x0644                  _CRCXOR = 0x644
                    0x0644                  _CRCXORbits = 0x644
                    0x0644                  CRCXORL = 0x644
                    0x0644                  _CRCXORL = 0x644
                    0x0644                  _CRCXORLbits = 0x644
                    0x0646                  CRCXORH = 0x646
                    0x0646                  _CRCXORH = 0x646
                    0x0646                  _CRCXORHbits = 0x646
                    0x0648                  CRCDAT = 0x648
                    0x0648                  _CRCDAT = 0x648
                    0x0648                  CRCDAT32 = 0x648
                    0x0648                  _CRCDAT32 = 0x648
                    0x0648                  CRCDAT8 = 0x648
                    0x0648                  _CRCDAT8 = 0x648
                    0x0648                  CRCDATL = 0x648
                    0x0648                  _CRCDATL = 0x648
                    0x064a                  CRCDATH = 0x64a
                    0x064a                  _CRCDATH = 0x64a
                    0x064c                  CRCWDAT = 0x64c
                    0x064c                  _CRCWDAT = 0x64c
                    0x064c                  CRCWDATL = 0x64c
                    0x064c                  _CRCWDATL = 0x64c
                    0x064e                  CRCWDATH = 0x64e
                    0x064e                  _CRCWDATH = 0x64e
                    0x0740                  RCON = 0x740
                    0x0740                  _RCON = 0x740
                    0x0740                  _RCONbits = 0x740
                    0x0742                  OSCCON = 0x742
                    0x0742                  _OSCCON = 0x742
                    0x0742                  _OSCCONbits = 0x742
                    0x0742                  OSCCONL = 0x742
                    0x0742                  _OSCCONL = 0x742
                    0x0743                  OSCCONH = 0x743
                    0x0743                  _OSCCONH = 0x743
                    0x0744                  CLKDIV = 0x744
                    0x0744                  _CLKDIV = 0x744
                    0x0744                  _CLKDIVbits = 0x744
                    0x0748                  OSCTUN = 0x748
                    0x0748                  _OSCTUN = 0x748
                    0x0748                  _OSCTUNbits = 0x748
                    0x074e                  REFOCON = 0x74e
                    0x074e                  _REFOCON = 0x74e
                    0x074e                  _REFOCONbits = 0x74e
                    0x0756                  HLVDCON = 0x756
                    0x0756                  _HLVDCON = 0x756
                    0x0756                  _HLVDCONbits = 0x756
                    0x0758                  DSCON = 0x758
                    0x0758                  _DSCON = 0x758
                    0x0758                  _DSCONbits = 0x758
                    0x075a                  DSWAKE = 0x75a
                    0x075a                  _DSWAKE = 0x75a
                    0x075a                  _DSWAKEbits = 0x75a
                    0x075a                  DSWSRC = 0x75a
                    0x075a                  _DSWSRC = 0x75a
                    0x075a                  _DSWSRCbits = 0x75a
                    0x075c                  DSGPR0 = 0x75c
                    0x075c                  _DSGPR0 = 0x75c
                    0x075e                  DSGPR1 = 0x75e
                    0x075e                  _DSGPR1 = 0x75e
                    0x0760                  NVMCON = 0x760
                    0x0760                  _NVMCON = 0x760
                    0x0760                  _NVMCONbits = 0x760
                    0x0766                  NVMKEY = 0x766
                    0x0766                  _NVMKEY = 0x766
                    0x0766                  _NVMKEYbits = 0x766
                    0x0768                  ULPWCON = 0x768
                    0x0768                  _ULPWCON = 0x768
                    0x0768                  _ULPWCONbits = 0x768
                    0x0770                  PMD1 = 0x770
                    0x0770                  _PMD1 = 0x770
                    0x0770                  _PMD1bits = 0x770
                    0x0772                  PMD2 = 0x772
                    0x0772                  _PMD2 = 0x772
                    0x0772                  _PMD2bits = 0x772
                    0x0774                  PMD3 = 0x774
                    0x0774                  _PMD3 = 0x774
                    0x0774                  _PMD3bits = 0x774
                    0x0776                  PMD4 = 0x776
                    0x0776                  _PMD4 = 0x776
                    0x0776                  _PMD4bits = 0x776
                    0x0144                  IC1 = 0x144
                    0x0144                  _IC1 = 0x144
                    0x014c                  IC2 = 0x14c
                    0x014c                  _IC2 = 0x14c
                    0x0154                  IC3 = 0x154
                    0x0154                  _IC3 = 0x154
                    0x0194                  OC1 = 0x194
                    0x0194                  _OC1 = 0x194
                    0x019e                  OC2 = 0x19e
                    0x019e                  _OC2 = 0x19e
                    0x01a8                  OC3 = 0x1a8
                    0x01a8                  _OC3 = 0x1a8
                    0x0240                  SPI1 = 0x240
                    0x0240                  _SPI1 = 0x240
                    0x0260                  SPI2 = 0x260
                    0x0260                  _SPI2 = 0x260
                    0x0220                  UART1 = 0x220
                    0x0220                  _UART1 = 0x220
                    0x0230                  UART2 = 0x230
                    0x0230                  _UART2 = 0x230
START GROUP
LOAD c:/program files (x86)/microchip/xc16/v1.36/bin/bin/../../lib\libpic30-elf.a
LOAD c:/program files (x86)/microchip/xc16/v1.36/bin/bin/../../lib\libm-elf.a
LOAD c:/program files (x86)/microchip/xc16/v1.36/bin/bin/../../lib\libc-elf.a
END GROUP
OUTPUT(dist/default/production/EMMS_Code_CommandBoard.X.production.elf elf32-pic30)
LOAD /CW/_FGS Ìþ
LOAD /CW/_FBS°ìþ
LOAD default_isr
LOAD data_init

.debug_pubtypes
                  0x000090        0x6cc
 .debug_pubtypes
                  0x000090        0x1a4 build/default/production/PowerMain.o
 .debug_pubtypes
                  0x000234         0x8f build/default/production/EEPROM.o
 .debug_pubtypes
                  0x0002c3        0x290 build/default/production/MasterComm.o
 .debug_pubtypes
                  0x000553         0xf3 build/default/production/LEDControl.o
 .debug_pubtypes
                  0x000646         0x1f build/default/production/ResetReport.o
 .debug_pubtypes
                  0x000665         0xf7 build/default/production/RTCC.o

__c30_signature
                  0x00075c         0x78
 __c30_signature
                  0x00075c          0x6 build/default/production/PowerMain.o
 __c30_signature
                  0x000762          0x6 build/default/production/EEPROM.o
 __c30_signature
                  0x000768          0x6 build/default/production/MasterComm.o
 __c30_signature
                  0x00076e          0x6 build/default/production/LEDControl.o
 __c30_signature
                  0x000774          0x6 build/default/production/ResetReport.o
 __c30_signature
                  0x00077a          0x6 build/default/production/_ConfigPragma.o
 __c30_signature
                  0x000780          0x6 build/default/production/RTCC.o
 __c30_signature
                  0x000786          0x6 c:/program files (x86)/microchip/xc16/v1.36/bin/bin/../../lib\libpic30-elf.a(crt0_standard.o)
 __c30_signature
                  0x00078c          0x6 c:/program files (x86)/microchip/xc16/v1.36/bin/bin/../../lib\libpic30-elf.a(data_init_standard.o)
 __c30_signature
                  0x000792          0x6 c:/program files (x86)/microchip/xc16/v1.36/bin/bin/../../lib\libpic30-elf.a(delay32.eo)
 __c30_signature
                  0x000798          0x6 c:/program files (x86)/microchip/xc16/v1.36/bin/bin/../../lib\libm-elf.a(udivsi3.eo)
 __c30_signature
                  0x00079e          0x6 c:/program files (x86)/microchip/xc16/v1.36/bin/bin/../../lib\libm-elf.a(umodsi3.eo)
 __c30_signature
                  0x0007a4          0x6 c:/program files (x86)/microchip/xc16/v1.36/bin/bin/../../lib\libm-elf.a(divmoddi3.eo)
 __c30_signature
                  0x0007aa          0x6 c:/program files (x86)/microchip/xc16/v1.36/bin/bin/../../lib\libm-elf.a(muldi3.eo)
 __c30_signature
                  0x0007b0          0x6 c:/program files (x86)/microchip/xc16/v1.36/bin/bin/../../lib\libm-elf.a(umuldi3.eo)
 __c30_signature
                  0x0007b6          0x6 c:/program files (x86)/microchip/xc16/v1.36/bin/bin/../../lib\libc-elf.a(atoi.eo)
 __c30_signature
                  0x0007bc          0x6 c:/program files (x86)/microchip/xc16/v1.36/bin/bin/../../lib\libc-elf.a(atol.eo)
 __c30_signature
                  0x0007c2          0x6 c:/program files (x86)/microchip/xc16/v1.36/bin/bin/../../lib\libc-elf.a(itoa.eo)
 __c30_signature
                  0x0007c8          0x6 c:/program files (x86)/microchip/xc16/v1.36/bin/bin/../../lib\libc-elf.a(ltoa.eo)
 __c30_signature
                  0x0007ce          0x6 c:/program files (x86)/microchip/xc16/v1.36/bin/bin/../../lib\libm-elf.a(mulsi3.eo)

.nbss               0x0800        0x162
 .nbss              0x0800        0x122 build/default/production/MasterComm.o
 .nbss              0x0922         0x40 build/default/production/PowerMain.o
                    0x0922                  _powerWatts_global
                    0x0926                  _msTimer_module
                    0x092a                  _energyUsed_global
                    0x0936                  _dateTime_global
                    0x093e                  _alarms_global
                    0x0946                  _energyAdd_global
                    0x0948                  _energyCycleAllocation_global
                    0x094c                  _resetTime_global
                    0x0950                  _relayActive_global
                    0x0952                  _emergencyButton_global

.ndata              0x0962          0xa
 .ndata             0x0962          0xa build/default/production/PowerMain.o
                    0x0962                  _powerBoxCodeVersion_global

.nbss               0x096c          0xa
 .nbss              0x096c          0xa build/default/production/RTCC.o

.ndata              0x0976          0x4
 .ndata             0x0976          0x4 build/default/production/MasterComm.o

.nbss               0x097a          0x4
 .nbss              0x097a          0x4 build/default/production/LEDControl.o
                    0x097a                  _ledFindMeActive_global

.ndata              0x097e          0x2
 .ndata             0x097e          0x2 build/default/production/LEDControl.o

.nbss               0x0980          0x2
 .nbss              0x0980          0x2 build/default/production/ResetReport.o

.ndata              0x0982          0x2
 .ndata             0x0982          0x2 build/default/production/RTCC.o

.ivt._T1Interrupt
                  0x00001a          0x2
 .ivt._T1Interrupt
                  0x00001a          0x2 build/default/production/PowerMain.o

.ivt._U2ErrInterrupt
                  0x000098          0x2
 .ivt._U2ErrInterrupt
                  0x000098          0x2 build/default/production/MasterComm.o

.ivt._U1ErrInterrupt
                  0x000096          0x2
 .ivt._U1ErrInterrupt
                  0x000096          0x2 build/default/production/MasterComm.o

.config_DSWDTEN
                  0xf80010          0x2
 .config_DSWDTEN
                  0xf80010          0x2 build/default/production/_ConfigPragma.o

.config_ICS       0xf8000e          0x2
 .config_ICS      0xf8000e          0x2 build/default/production/_ConfigPragma.o

.config_MCLRE     0xf8000c          0x2
 .config_MCLRE    0xf8000c          0x2 build/default/production/_ConfigPragma.o

.config_WINDIS    0xf8000a          0x2
 .config_WINDIS
                  0xf8000a          0x2 build/default/production/_ConfigPragma.o

.config_FCKSM     0xf80008          0x2
 .config_FCKSM    0xf80008          0x2 build/default/production/_ConfigPragma.o

.config_IESO      0xf80006          0x2
 .config_IESO     0xf80006          0x2 build/default/production/_ConfigPragma.o

.const              0x873e         0x80 load address 0x00073e  
 .const             0x873e         0x80 build/default/production/MasterComm.o

.text             0x0007be       0x305c
 .text            0x0007be       0x11ac build/default/production/MasterComm.o
                  0x0007be                  _commInit
                  0x0007d8                  _commRunRoutine
                  0x0007ee                  _communicationsSPI
                  0x0008bc                  _communicationsUART1
                  0x000910                  _communicationsUART2
                  0x000968                  _communicationsRecv
                  0x000a28                  _communicationsSend
                  0x000ab0                  _set_current_port
                  0x000b08                  _process_data
                  0x000b22                  _process_data_parameterize
                  0x000c06                  _process_data_parameters
                  0x001320                  _command_builder1
                  0x001342                  _command_builder2
                  0x001372                  _command_builder3
                  0x0013b0                  _command_builder4
                  0x0013fc                  _command_builder5
                  0x00145c                  _command_builder6
                  0x0014ca                  _command_builder7
                  0x001546                  _command_builder_add_char
                  0x001578                  _command_builder_add_string
                  0x0015a4                  _strmatch
                  0x0015ce                  _strcmp2
                  0x001670                  _fillOnOff
                  0x0016b6                  _checkOnOff
                  0x0016e2                  _zeroPad_itoa
                  0x001764                  _SPI_receive_data_char
                  0x001786                  _SPI_send_data_char
                  0x0017a6                  _UART1_receive_data_char
                  0x0017d0                  _UART1_send_data_char
                  0x0017f2                  _UART2_receive_data_char
                  0x001814                  _UART2_send_data_char
                  0x001836                  _send_end_of_transmission
                  0x001844                  _commSPIInit
                  0x00188c                  _uartInit
                  0x001896                  _initUART2
                  0x001900                  _initUART1
 .text            0x00196a        0xc8e build/default/production/EEPROM.o
                  0x00196a                  _writeWait
                  0x00198c                  _eeReadPasswordNew
                  0x001a18                  _eeWritePasswordNew
                  0x001b26                  _eeReadEnergyCycleAllocationNew
                  0x001b4c                  _eeWriteEnergyAllocNew
                  0x001b7e                  _eeReadEmergencyButtonNew
                  0x001bb8                  _eeWriteEmerButtonNew
                  0x001bea                  _eeReadResetTimeNew
                  0x001c2a                  _eeWriteResetTimeNew
                  0x001c66                  _eeReadAlarmNew
                  0x001cea                  _eeWriteAlarmNew
                  0x001d7c                  _eeReadTotalsNew
                  0x001dfc                  _eeWriteEnergyTotalsNew
                  0x001eba                  _eeReadEnergyUsedNew
                  0x002012                  _eeWriteEnergyLifetimeNew
                  0x0023f6                  _eeReadRelayNew
                  0x002420                  _eeWriteRelayNew
                  0x00245c                  _eeReadRTCCIsSet
                  0x002486                  _eeWriteRTCCIsSet
                  0x0024c2                  _findSlotToRead
                  0x0025ae                  _findPowerToWrite
                  0x0025c0                  _combineIntsToLong
                  0x0025dc                  _separateLongToInts
 .text            0x0025f8        0x770 build/default/production/RTCC.o
                  0x0025f8                  _rtccInit
                  0x002602                  _rtccCopyI2CTime
                  0x002614                  _rtccInternalInit
                  0x002654                  _rtccReadTime
                  0x0026ce                  _rtccSetTime
                  0x0027a8                  _BcdToDec
                  0x0027c8                  _DecToBcd
                  0x002802                  _rtccI2CInit
                  0x00280e                  _initI2Crtcc
                  0x002828                  _startI2CClock
                  0x002876                  _setI2CClockBuildTime
                  0x002a08                  _rtccI2CReadTime
                  0x002a78                  _rtccI2CSetTime
                  0x002b12                  _BeginSequentialReadI2C
                  0x002b38                  _SequentialReadI2C
                  0x002b5c                  _ReadI2CRegister
                  0x002b7e                  _rtccI2CReadPowerTimes
                  0x002c36                  _IdleI2C
                  0x002c48                  _StartI2C
                  0x002c5a                  _StopI2C
                  0x002c6c                  _RestartI2C
                  0x002c7e                  _NackI2C
                  0x002c92                  _AckI2C
                  0x002ca6                  _WriteI2C
                  0x002cc8                  _ReadI2C
                  0x002cf6                  _BcdToDecI2C
                  0x002d2e                  _DecToBcdI2C
 .text            0x002d68        0x542 build/default/production/LEDControl.o
                  0x002d68                  _ledInit
                  0x002d76                  _ledSet
                  0x002df2                  _ledSetOn
                  0x002e04                  _ledSetOff
                  0x002e16                  _ledTestSetOn
                  0x002e1e                  _ledTestSetOff
                  0x002e26                  _ledSetAll
                  0x002e4c                  _ledTestSetAll
                  0x002e5a                  _ledSetAllOn
                  0x002e6a                  _ledSetAllOff
                  0x002e7a                  _ledTestSetAllOn
                  0x002e80                  _ledTestSetAllOff
                  0x002e86                  _ledToggle
                  0x002eee                  _ledTestToggle
                  0x002ef6                  _ledRunUp
                  0x002fb2                  _ledRunDown
                  0x00306e                  _ledRun
                  0x00307e                  _ledSetFrontEnergyRemain
                  0x00315e                  _ledSetFrontFindMe
                  0x0031f8                  _ledShowChar
                  0x003284                  _ledShowIntH
                  0x003296                  _ledShowIntL
 .text            0x0032aa        0x456 build/default/production/PowerMain.o
                  0x0032aa                  _main
                  0x0033b2                  _initOscillator
                  0x0033dc                  _init
                  0x00342e                  _initPorts
                  0x00343a                  _initReadGlobalsFromEEPROM
                  0x00349a                  _initTimer
                  0x0034d4                  _powerOnCheckForAllocationReset
                  0x0035d8                  _dailyResetCheck
                  0x003608                  _dailyReset
                  0x003642                  _readEmergencyButton
                  0x0036b4                  _storeToEE
                  0x0036c0                  _relayControl
 .text            0x003700        0x11a build/default/production/ResetReport.o
                  0x003700                  _resetCodeCapture
                  0x00370c                  _resetReportDisplay

.dinit            0x00381a         0x48
 .dinit           0x00381a         0x48 data_init

.init.delay32     0x003862         0x1c
 .init.delay32    0x003862         0x1c c:/program files (x86)/microchip/xc16/v1.36/bin/bin/../../lib\libpic30-elf.a(delay32.eo)
                  0x003862                  ___delay32

.eedata             0xfe00         0x44 load address 0x7ffe00  
 .eedata            0xfe00         0x44 build/default/production/EEPROM.o
                    0xfe00                  _EEpassword0
                    0xfe02                  _EEpassword1
                    0xfe04                  _EEpassword2
                    0xfe06                  _EEpassword3
                    0xfe08                  _EEpassword4
                    0xfe0a                  _EEpassword5
                    0xfe0c                  _EEpowerAlloc
                    0xfe0e                  _EEemerButton
                    0xfe10                  _EEresetTime
                    0xfe12                  _EEaudibleAlarm
                    0xfe14                  _EEalarmOnePower
                    0xfe16                  _EEalarmTwoPower
                    0xfe18                  _EEenergyLastResetH
                    0xfe1a                  _EEenergyLastResetL
                    0xfe1c                  _EEpreviousCycleUsedH
                    0xfe1e                  _EEpreviousCycleUsedL
                    0xfe20                  _EEenergyUsedLifetime1H
                    0xfe22                  _EEenergyUsedLifetime1L
                    0xfe24                  _EEenergyUsedLifetime2H
                    0xfe26                  _EEenergyUsedLifetime2L
                    0xfe28                  _EEenergyUsedLifetime3H
                    0xfe2a                  _EEenergyUsedLifetime3L
                    0xfe2c                  _EEenergyUsedLifetime4H
                    0xfe2e                  _EEenergyUsedLifetime4L
                    0xfe30                  _EEenergyUsedLifetime5H
                    0xfe32                  _EEenergyUsedLifetime5L
                    0xfe34                  _EEenergyUsedLifetime6H
                    0xfe36                  _EEenergyUsedLifetime6L
                    0xfe38                  _EEenergyUsedLifetime7H
                    0xfe3a                  _EEenergyUsedLifetime7L
                    0xfe3c                  _EEenergyUsedLifetime8H
                    0xfe3e                  _EEenergyUsedLifetime8L
                    0xfe40                  _EErelayActive
                    0xfe42                  _EErtccIsSet
